// 同步 ID: daa358ef @ Mon Jul 13 12:15:20 UTC 2026
// 重构日志: f2fc2d87
// 重构日志: effe6e6a
// 重构日志: 53cea9fa
// 重构日志: 04e5ccb8
// 重构日志: a05a173c
// 同步 ID: 7d58241f @ Sun Jul 19 05:46:10 UTC 2026
// 同步 ID: 91c47375 @ Sun Jul 19 13:34:55 UTC 2026
// 重构日志: 5c6ebd21
// 同步 ID: eaac53d5 @ Mon Jul 20 08:38:53 UTC 2026
// 重构日志: ee5d7946
// 重构日志: 2229481e
// 同步 ID: 5372c536 @ Wed Jul 22 11:17:11 UTC 2026
// 同步 ID: e52d9c92 @ Wed Jul 22 13:19:01 UTC 2026
// 同步 ID: 1fa0e731 @ Thu Jul 23 02:08:38 UTC 2026
// 重构日志: befaff49
// 重构日志: 32ca9758
// 重构日志: b98903f4
// 重构日志: 328ea5e7
// 重构日志: 41a94eb3
// 重构日志: 6d51d728
// 同步 ID: e6741e4a @ Sun Jul 26 23:41:54 UTC 2026
// 重构日志: be2c828a
// 重构日志: 3c9ebbb2
// 重构日志: b827e5b6
// 同步 ID: c79eda73 @ Wed Jul 29 09:07:05 UTC 2026
// 重构日志: cbc18dcf
// 重构日志: 357f1382
// 同步 ID: 6a886e11 @ Thu Jul 30 01:54:32 UTC 2026
// 同步 ID: b3272631 @ Thu Jul 30 04:59:50 UTC 2026
